172.30.31.166 - - [14/Apr/2018:14:58:24 -0400] "GET /video-js.css HTTP/1.1" 200 46510 "http://172.30.34.137:8080/play.html" "Mozilla/5.0 (Macintosh; Intel Mac OS X 10_13_4) AppleWebKit/537.36 (KHTML, like Gecko) Chrome/65.0.3325.181 Safari/537.36"
172.30.31.166 - - [14/Apr/2018:14:58:24 -0400] "GET /video.js HTTP/1.1" 200 866412 "http://172.30.34.137:8080/play.html" "Mozilla/5.0 (Macintosh; Intel Mac OS X 10_13_4) AppleWebKit/537.36 (KHTML, like Gecko) Chrome/65.0.3325.181 Safari/537.36"
172.30.31.166 - - [14/Apr/2018:14:58:25 -0400] "GET /video-js.swf HTTP/1.1" 200 17117 "http://172.30.34.137:8080/play.html" "Mozilla/5.0 (Macintosh; Intel Mac OS X 10_13_4) AppleWebKit/537.36 (KHTML, like Gecko) Chrome/65.0.3325.181 Safari/537.36"
172.30.31.166 - - [14/Apr/2018:14:58:25 -0400] "GET /favicon.ico HTTP/1.1" 404 571 "http://172.30.34.137:8080/play.html" "Mozilla/5.0 (Macintosh; Intel Mac OS X 10_13_4) AppleWebKit/537.36 (KHTML, like Gecko) Chrome/65.0.3325.181 Safari/537.36"
172.30.52.121 - - [14/Apr/2018:14:59:55 -0400] "GET / HTTP/1.1" 200 965 "-" "Mozilla/5.0 (iPad; CPU OS 11_3 like Mac OS X) AppleWebKit/605.1.15 (KHTML, like Gecko) Version/11.0 Mobile/15E148 Safari/604.1"
172.30.52.121 - - [14/Apr/2018:14:59:55 -0400] "GET /video-js.css HTTP/1.1" 200 46510 "http://172.30.34.137:8080/" "Mozilla/5.0 (iPad; CPU OS 11_3 like Mac OS X) AppleWebKit/605.1.15 (KHTML, like Gecko) Version/11.0 Mobile/15E148 Safari/604.1"
172.30.52.121 - - [14/Apr/2018:14:59:55 -0400] "GET /video.js HTTP/1.1" 200 866412 "http://172.30.34.137:8080/" "Mozilla/5.0 (iPad; CPU OS 11_3 like Mac OS X) AppleWebKit/605.1.15 (KHTML, like Gecko) Version/11.0 Mobile/15E148 Safari/604.1"
172.30.31.166 - - [14/Apr/2018:15:07:30 -0400] "GET /play.html HTTP/1.1" 304 0 "-" "Mozilla/5.0 (Macintosh; Intel Mac OS X 10_13_4) AppleWebKit/537.36 (KHTML, like Gecko) Chrome/65.0.3325.181 Safari/537.36"
172.30.39.21 - - [05/Feb/2019:15:27:26 -0500] "GET /DevMgmt/ProductConfigDyn.xml HTTP/1.1" 404 169 "-" "HP"
172.30.39.21 - - [05/Feb/2019:15:27:26 -0500] "GET /DevMgmt/DiscoveryTree.xml HTTP/1.1" 404 169 "-" "HP"
172.30.23.46 [05/Feb/2019:15:28:21 -0500] PUBLISH "hls" "2333" "" - 605790 529 "" "FMLE/3.0 (compatible; FMSc/1.0)" (7s)
172.30.24.81 - - [05/Feb/2019:15:29:56 -0500] "GET / HTTP/1.1" 200 965 "-" "Mozilla/5.0 (iPad; CPU OS 12_1_3 like Mac OS X) AppleWebKit/605.1.15 (KHTML, like Gecko) Version/12.0 Mobile/15E148 Safari/604.1"
172.30.24.81 - - [05/Feb/2019:15:29:56 -0500] "GET /video-js.css HTTP/1.1" 200 46510 "http://172.30.66.160:8080/" "Mozilla/5.0 (iPad; CPU OS 12_1_3 like Mac OS X) AppleWebKit/605.1.15 (KHTML, like Gecko) Version/12.0 Mobile/15E148 Safari/604.1"
172.30.24.81 - - [05/Feb/2019:15:29:56 -0500] "GET /video.js HTTP/1.1" 200 866412 "http://172.30.66.160:8080/" "Mozilla/5.0 (iPad; CPU OS 12_1_3 like Mac OS X) AppleWebKit/605.1.15 (KHTML, like Gecko) Version/12.0 Mobile/15E148 Safari/604.1"
172.30.24.81 - - [05/Feb/2019:15:29:56 -0500] "GET /favicon.ico HTTP/1.1" 404 169 "http://172.30.66.160:8080/" "Mozilla/5.0 (iPad; CPU OS 12_1_3 like Mac OS X) AppleWebKit/605.1.15 (KHTML, like Gecko) Version/12.0 Mobile/15E148 Safari/604.1"
172.30.23.46 [05/Feb/2019:15:34:04 -0500] PUBLISH "hls" "2333" "" - 34924611 529 "" "FMLE/3.0 (compatible; FMSc/1.0)" (5m 24s)
172.30.42.233 - - [05/Feb/2019:15:37:31 -0500] "GET / HTTP/1.1" 200 966 "-" "Mozilla/5.0 (Windows NT 10.0; Win64; x64) AppleWebKit/537.36 (KHTML, like Gecko) Chrome/71.0.3578.98 Safari/537.36"
172.30.42.233 - - [05/Feb/2019:15:37:31 -0500] "GET /video-js.css HTTP/1.1" 200 46510 "http://172.30.66.160:8080/" "Mozilla/5.0 (Windows NT 10.0; Win64; x64) AppleWebKit/537.36 (KHTML, like Gecko) Chrome/71.0.3578.98 Safari/537.36"
172.30.42.233 - - [05/Feb/2019:15:37:32 -0500] "GET /video.js HTTP/1.1" 200 866412 "http://172.30.66.160:8080/" "Mozilla/5.0 (Windows NT 10.0; Win64; x64) AppleWebKit/537.36 (KHTML, like Gecko) Chrome/71.0.3578.98 Safari/537.36"
172.30.42.233 - - [05/Feb/2019:15:37:32 -0500] "GET /favicon.ico HTTP/1.1" 404 571 "http://172.30.66.160:8080/" "Mozilla/5.0 (Windows NT 10.0; Win64; x64) AppleWebKit/537.36 (KHTML, like Gecko) Chrome/71.0.3578.98 Safari/537.36"
172.30.42.233 - - [05/Feb/2019:15:37:36 -0500] "GET /play.html HTTP/1.1" 200 1481 "http://172.30.66.160:8080/" "Mozilla/5.0 (Windows NT 10.0; Win64; x64) AppleWebKit/537.36 (KHTML, like Gecko) Chrome/71.0.3578.98 Safari/537.36"
172.30.42.233 - - [05/Feb/2019:15:37:52 -0500] "GET /play.html HTTP/1.1" 304 0 "http://172.30.66.160:8080/" "Mozilla/5.0 (Windows NT 10.0; Win64; x64) AppleWebKit/537.36 (KHTML, like Gecko) Chrome/71.0.3578.98 Safari/537.36"
172.30.42.233 - - [05/Feb/2019:15:37:53 -0500] "GET /video-js.swf HTTP/1.1" 200 17117 "http://172.30.66.160:8080/play.html" "Mozilla/5.0 (Windows NT 10.0; Win64; x64) AppleWebKit/537.36 (KHTML, like Gecko) Chrome/71.0.3578.98 Safari/537.36"
172.30.23.46 [05/Feb/2019:15:38:19 -0500] PUBLISH "hls" "2333" "" - 6412329 529 "" "FMLE/3.0 (compatible; FMSc/1.0)" (1m 1s)
172.30.24.81 - - [05/Feb/2019:15:43:58 -0500] "GET /hls/2333.m3u8 HTTP/1.1" 200 149 "-" "Mozilla/5.0 (iPad; CPU OS 12_1_3 like Mac OS X) AppleWebKit/605.1.15 (KHTML, like Gecko) Version/12.0 Mobile/15E148 Safari/604.1"
172.30.24.81 - - [05/Feb/2019:15:43:58 -0500] "GET /hls/2333.m3u8 HTTP/1.1" 304 0 "http://172.30.66.160:8080/hls/2333.m3u8" "AppleCoreMedia/1.0.0.16D39 (iPad; U; CPU OS 12_1_3 like Mac OS X; zh_cn)"
172.30.24.81 - - [05/Feb/2019:15:43:58 -0500] "GET /hls/2333-8.ts HTTP/1.1" 200 943572 "http://172.30.66.160:8080/hls/2333.m3u8" "AppleCoreMedia/1.0.0.16D39 (iPad; U; CPU OS 12_1_3 like Mac OS X; zh_cn)"
172.30.24.81 - - [05/Feb/2019:15:43:58 -0500] "GET /hls/2333-9.ts HTTP/1.1" 200 944888 "http://172.30.66.160:8080/hls/2333.m3u8" "AppleCoreMedia/1.0.0.16D39 (iPad; U; CPU OS 12_1_3 like Mac OS X; zh_cn)"
172.30.24.81 - - [05/Feb/2019:15:43:58 -0500] "GET /hls/2333-10.ts HTTP/1.1" 200 944324 "http://172.30.66.160:8080/hls/2333.m3u8" "AppleCoreMedia/1.0.0.16D39 (iPad; U; CPU OS 12_1_3 like Mac OS X; zh_cn)"
172.30.24.81 - - [05/Feb/2019:15:43:58 -0500] "GET /favicon.ico HTTP/1.1" 404 169 "http://172.30.66.160:8080/hls/2333.m3u8" "Mozilla/5.0 (iPad; CPU OS 12_1_3 like Mac OS X) AppleWebKit/605.1.15 (KHTML, like Gecko) Version/12.0 Mobile/15E148 Safari/604.1"
172.30.24.81 - - [05/Feb/2019:15:44:06 -0500] "GET /hls/2333.m3u8 HTTP/1.1" 200 150 "http://172.30.66.160:8080/hls/2333.m3u8" "AppleCoreMedia/1.0.0.16D39 (iPad; U; CPU OS 12_1_3 like Mac OS X; zh_cn)"
172.30.24.81 - - [05/Feb/2019:15:44:06 -0500] "GET /hls/2333-11.ts HTTP/1.1" 200 943760 "http://172.30.66.160:8080/hls/2333.m3u8" "AppleCoreMedia/1.0.0.16D39 (iPad; U; CPU OS 12_1_3 like Mac OS X; zh_cn)"
172.30.24.81 - - [05/Feb/2019:15:44:14 -0500] "GET /hls/2333.m3u8 HTTP/1.1" 200 152 "http://172.30.66.160:8080/hls/2333.m3u8" "AppleCoreMedia/1.0.0.16D39 (iPad; U; CPU OS 12_1_3 like Mac OS X; zh_cn)"
172.30.24.81 - - [05/Feb/2019:15:44:14 -0500] "GET /hls/2333-12.ts HTTP/1.1" 200 944888 "http://172.30.66.160:8080/hls/2333.m3u8" "AppleCoreMedia/1.0.0.16D39 (iPad; U; CPU OS 12_1_3 like Mac OS X; zh_cn)"
172.30.24.81 - - [05/Feb/2019:15:44:22 -0500] "GET /hls/2333.m3u8 HTTP/1.1" 200 152 "http://172.30.66.160:8080/hls/2333.m3u8" "AppleCoreMedia/1.0.0.16D39 (iPad; U; CPU OS 12_1_3 like Mac OS X; zh_cn)"
172.30.24.81 - - [05/Feb/2019:15:44:22 -0500] "GET /hls/2333-13.ts HTTP/1.1" 200 945076 "http://172.30.66.160:8080/hls/2333.m3u8" "AppleCoreMedia/1.0.0.16D39 (iPad; U; CPU OS 12_1_3 like Mac OS X; zh_cn)"
172.30.24.81 - - [05/Feb/2019:15:44:30 -0500] "GET /hls/2333.m3u8 HTTP/1.1" 200 152 "http://172.30.66.160:8080/hls/2333.m3u8" "AppleCoreMedia/1.0.0.16D39 (iPad; U; CPU OS 12_1_3 like Mac OS X; zh_cn)"
172.30.24.81 - - [05/Feb/2019:15:44:30 -0500] "GET /hls/2333-14.ts HTTP/1.1" 200 943572 "http://172.30.66.160:8080/hls/2333.m3u8" "AppleCoreMedia/1.0.0.16D39 (iPad; U; CPU OS 12_1_3 like Mac OS X; zh_cn)"
172.30.24.81 - - [05/Feb/2019:15:44:38 -0500] "GET /hls/2333.m3u8 HTTP/1.1" 200 152 "http://172.30.66.160:8080/hls/2333.m3u8" "AppleCoreMedia/1.0.0.16D39 (iPad; U; CPU OS 12_1_3 like Mac OS X; zh_cn)"
172.30.24.81 - - [05/Feb/2019:15:44:43 -0500] "GET /hls/2333.m3u8 HTTP/1.1" 200 154 "http://172.30.66.160:8080/hls/2333.m3u8" "AppleCoreMedia/1.0.0.16D39 (iPad; U; CPU OS 12_1_3 like Mac OS X; zh_cn)"
172.30.24.81 - - [05/Feb/2019:15:44:43 -0500] "GET /hls/2333-15.ts HTTP/1.1" 200 1322016 "http://172.30.66.160:8080/hls/2333.m3u8" "AppleCoreMedia/1.0.0.16D39 (iPad; U; CPU OS 12_1_3 like Mac OS X; zh_cn)"
172.30.24.81 - - [05/Feb/2019:15:44:55 -0500] "GET /hls/2333.m3u8 HTTP/1.1" 200 155 "http://172.30.66.160:8080/hls/2333.m3u8" "AppleCoreMedia/1.0.0.16D39 (iPad; U; CPU OS 12_1_3 like Mac OS X; zh_cn)"
172.30.24.81 - - [05/Feb/2019:15:44:55 -0500] "GET /hls/2333-16.ts HTTP/1.1" 200 1719448 "http://172.30.66.160:8080/hls/2333.m3u8" "AppleCoreMedia/1.0.0.16D39 (iPad; U; CPU OS 12_1_3 like Mac OS X; zh_cn)"
172.30.24.81 - - [05/Feb/2019:15:45:04 -0500] "GET /hls/2333.m3u8 HTTP/1.1" 200 155 "http://172.30.66.160:8080/hls/2333.m3u8" "AppleCoreMedia/1.0.0.16D39 (iPad; U; CPU OS 12_1_3 like Mac OS X; zh_cn)"
172.30.24.81 - - [05/Feb/2019:15:45:04 -0500] "GET /hls/2333-15.ts HTTP/1.1" 200 1322016 "http://172.30.66.160:8080/hls/2333.m3u8" "AppleCoreMedia/1.0.0.16D39 (iPad; U; CPU OS 12_1_3 like Mac OS X; zh_cn)"
172.30.42.233 - - [05/Feb/2019:15:57:25 -0500] "GET /play.html HTTP/1.1" 304 0 "http://172.30.66.160:8080/" "Mozilla/5.0 (Windows NT 10.0; Win64; x64) AppleWebKit/537.36 (KHTML, like Gecko) Chrome/71.0.3578.98 Safari/537.36"
172.30.23.46 - - [05/Feb/2019:16:00:00 -0500] "GET / HTTP/1.1" 200 966 "-" "Mozilla/5.0 (Macintosh; Intel Mac OS X 10_14_3) AppleWebKit/605.1.15 (KHTML, like Gecko) Version/12.0.3 Safari/605.1.15"
172.30.23.46 - - [05/Feb/2019:16:00:00 -0500] "GET /video-js.css HTTP/1.1" 200 46510 "http://172.30.66.160:8080/" "Mozilla/5.0 (Macintosh; Intel Mac OS X 10_14_3) AppleWebKit/605.1.15 (KHTML, like Gecko) Version/12.0.3 Safari/605.1.15"
172.30.23.46 - - [05/Feb/2019:16:00:01 -0500] "GET /video.js HTTP/1.1" 200 866412 "http://172.30.66.160:8080/" "Mozilla/5.0 (Macintosh; Intel Mac OS X 10_14_3) AppleWebKit/605.1.15 (KHTML, like Gecko) Version/12.0.3 Safari/605.1.15"
172.30.23.46 - - [05/Feb/2019:16:00:01 -0500] "GET /favicon.ico HTTP/1.1" 404 169 "http://172.30.66.160:8080/" "Mozilla/5.0 (Macintosh; Intel Mac OS X 10_14_3) AppleWebKit/605.1.15 (KHTML, like Gecko) Version/12.0.3 Safari/605.1.15"
172.30.23.46 - - [05/Feb/2019:16:00:03 -0500] "GET /play.html HTTP/1.1" 200 1481 "http://172.30.66.160:8080/" "Mozilla/5.0 (Macintosh; Intel Mac OS X 10_14_3) AppleWebKit/605.1.15 (KHTML, like Gecko) Version/12.0.3 Safari/605.1.15"
172.30.23.46 - - [05/Feb/2019:16:00:03 -0500] "GET /favicon.ico HTTP/1.1" 404 169 "http://172.30.66.160:8080/play.html" "Mozilla/5.0 (Macintosh; Intel Mac OS X 10_14_3) AppleWebKit/605.1.15 (KHTML, like Gecko) Version/12.0.3 Safari/605.1.15"
172.30.23.46 - - [05/Feb/2019:16:00:28 -0500] "GET /play.html HTTP/1.1" 200 1481 "http://172.30.66.160:8080/" "Mozilla/5.0 (Macintosh; Intel Mac OS X 10_14_3) AppleWebKit/605.1.15 (KHTML, like Gecko) Version/12.0.3 Safari/605.1.15"
172.30.23.46 - - [05/Feb/2019:16:00:30 -0500] "GET /video-js.swf HTTP/1.1" 200 17117 "http://172.30.66.160:8080/play.html" "Mozilla/5.0 (Macintosh; Intel Mac OS X 10_14_3) AppleWebKit/605.1.15 (KHTML, like Gecko) Version/12.0.3 Safari/605.1.15"
172.30.23.46 [05/Feb/2019:16:01:02 -0500] PLAY "live" "2333" "" - 510 3434186 "http://172.30.66.160:8080/play.html" "MAC 32,0,0,114" (32s)
172.30.42.233 [05/Feb/2019:16:01:55 -0500] PLAY "live" "2333" "" - 560 28666221 "http://172.30.66.160:8080/play.html" "WIN 32,0,0,114" (4m 28s)
172.30.42.233 - - [05/Feb/2019:16:02:24 -0500] "GET /play.html HTTP/1.1" 304 0 "http://172.30.66.160:8080/" "Mozilla/5.0 (Windows NT 10.0; Win64; x64) AppleWebKit/537.36 (KHTML, like Gecko) Chrome/71.0.3578.98 Safari/537.36"
172.30.23.46 [05/Feb/2019:16:03:38 -0500] PUBLISH "live" "2333" "" - 44590933 529 "" "FMLE/3.0 (compatible; FMSc/1.0)" (6m 53s)
192.168.1.130 - - [16/Feb/2019:22:34:40 -0500] "GET / HTTP/1.1" 200 940 "-" "Mozilla/5.0 (Macintosh; Intel Mac OS X 10_14_3) AppleWebKit/605.1.15 (KHTML, like Gecko) Version/12.0.3 Safari/605.1.15"
192.168.1.130 - - [16/Feb/2019:22:34:40 -0500] "GET /video-js.css HTTP/1.1" 200 46510 "http://192.168.1.135:8080/" "Mozilla/5.0 (Macintosh; Intel Mac OS X 10_14_3) AppleWebKit/605.1.15 (KHTML, like Gecko) Version/12.0.3 Safari/605.1.15"
192.168.1.130 - - [16/Feb/2019:22:34:40 -0500] "GET /video.js HTTP/1.1" 200 866412 "http://192.168.1.135:8080/" "Mozilla/5.0 (Macintosh; Intel Mac OS X 10_14_3) AppleWebKit/605.1.15 (KHTML, like Gecko) Version/12.0.3 Safari/605.1.15"
192.168.1.130 - - [16/Feb/2019:22:34:42 -0500] "GET /favicon.ico HTTP/1.1" 404 169 "http://192.168.1.135:8080/" "Mozilla/5.0 (Macintosh; Intel Mac OS X 10_14_3) AppleWebKit/605.1.15 (KHTML, like Gecko) Version/12.0.3 Safari/605.1.15"
192.168.1.130 - - [16/Feb/2019:22:34:42 -0500] "GET /play.html HTTP/1.1" 200 1481 "http://192.168.1.135:8080/" "Mozilla/5.0 (Macintosh; Intel Mac OS X 10_14_3) AppleWebKit/605.1.15 (KHTML, like Gecko) Version/12.0.3 Safari/605.1.15"
192.168.1.130 - - [16/Feb/2019:22:34:43 -0500] "GET /favicon.ico HTTP/1.1" 404 169 "http://192.168.1.135:8080/play.html" "Mozilla/5.0 (Macintosh; Intel Mac OS X 10_14_3) AppleWebKit/605.1.15 (KHTML, like Gecko) Version/12.0.3 Safari/605.1.15"
192.168.1.130 - - [16/Feb/2019:22:43:34 -0500] "GET / HTTP/1.1" 304 0 "-" "Mozilla/5.0 (Macintosh; Intel Mac OS X 10_14_3) AppleWebKit/605.1.15 (KHTML, like Gecko) Version/12.0.3 Safari/605.1.15"
192.168.1.130 - - [16/Feb/2019:22:43:36 -0500] "GET /play.html HTTP/1.1" 200 1480 "http://192.168.1.135:8080/" "Mozilla/5.0 (Macintosh; Intel Mac OS X 10_14_3) AppleWebKit/605.1.15 (KHTML, like Gecko) Version/12.0.3 Safari/605.1.15"
192.168.1.130 - - [16/Feb/2019:22:43:39 -0500] "GET /play.html HTTP/1.1" 200 1480 "http://192.168.1.135:8080/" "Mozilla/5.0 (Macintosh; Intel Mac OS X 10_14_3) AppleWebKit/605.1.15 (KHTML, like Gecko) Version/12.0.3 Safari/605.1.15"
192.168.1.130 [16/Feb/2019:22:43:53 -0500] PLAY "live" "2333" "" - 500 1071305 "http://192.168.1.135:8080/play.html" "MAC 32,0,0,142" (11s)
192.168.1.130 - - [16/Feb/2019:22:46:57 -0500] "GET / HTTP/1.1" 304 0 "-" "Mozilla/5.0 (Macintosh; Intel Mac OS X 10_14_3) AppleWebKit/605.1.15 (KHTML, like Gecko) Version/12.0.3 Safari/605.1.15"
14.164.152.13 - - [16/Feb/2019:22:48:08 -0500] "GET / HTTP/1.0" 200 940 "-" "-"
166.170.29.122 - - [16/Feb/2019:22:49:32 -0500] "GET / HTTP/1.1" 200 940 "-" "Mozilla/5.0 (iPhone; CPU iPhone OS 12_1_4 like Mac OS X) AppleWebKit/605.1.15 (KHTML, like Gecko) Version/12.0 Mobile/15E148 Safari/604.1"
166.170.29.122 - - [16/Feb/2019:22:49:32 -0500] "GET /video-js.css HTTP/1.1" 200 46510 "http://24.219.213.240:8080/" "Mozilla/5.0 (iPhone; CPU iPhone OS 12_1_4 like Mac OS X) AppleWebKit/605.1.15 (KHTML, like Gecko) Version/12.0 Mobile/15E148 Safari/604.1"
166.170.29.122 - - [16/Feb/2019:22:49:51 -0500] "GET /video.js HTTP/1.1" 200 851968 "http://24.219.213.240:8080/" "Mozilla/5.0 (iPhone; CPU iPhone OS 12_1_4 like Mac OS X) AppleWebKit/605.1.15 (KHTML, like Gecko) Version/12.0 Mobile/15E148 Safari/604.1"
166.170.29.122 - - [16/Feb/2019:22:49:51 -0500] "GET / HTTP/1.1" 200 940 "-" "Mozilla/5.0 (iPhone; CPU iPhone OS 12_1_4 like Mac OS X) AppleWebKit/605.1.15 (KHTML, like Gecko) Version/12.0 Mobile/15E148 Safari/604.1"
166.170.29.122 - - [16/Feb/2019:22:50:48 -0500] "GET /video.js HTTP/1.1" 200 524288 "http://24.219.213.240:8080/" "Mozilla/5.0 (iPhone; CPU iPhone OS 12_1_4 like Mac OS X) AppleWebKit/605.1.15 (KHTML, like Gecko) Version/12.0 Mobile/15E148 Safari/604.1"
166.170.29.122 - - [16/Feb/2019:22:51:47 -0500] "GET / HTTP/1.1" 304 0 "-" "Mozilla/5.0 (iPhone; CPU iPhone OS 12_1_4 like Mac OS X) AppleWebKit/605.1.15 (KHTML, like Gecko) Version/12.0 Mobile/15E148 Safari/604.1"
166.170.29.122 - - [16/Feb/2019:22:52:11 -0500] "GET /video.js HTTP/1.1" 200 866412 "http://24.219.213.240:8080/" "Mozilla/5.0 (iPhone; CPU iPhone OS 12_1_4 like Mac OS X) AppleWebKit/605.1.15 (KHTML, like Gecko) Version/12.0 Mobile/15E148 Safari/604.1"
166.170.29.122 - - [16/Feb/2019:22:52:12 -0500] "GET /favicon.ico HTTP/1.1" 404 169 "http://24.219.213.240:8080/" "Mozilla/5.0 (iPhone; CPU iPhone OS 12_1_4 like Mac OS X) AppleWebKit/605.1.15 (KHTML, like Gecko) Version/12.0 Mobile/15E148 Safari/604.1"
192.168.1.130 [16/Feb/2019:22:52:35 -0500] PUBLISH "live" "2333" "" - 60001341 409 "" "FMLE/3.0 (compatible; FMSc/1.0)" (9m 16s)
192.168.1.130 [16/Feb/2019:22:54:31 -0500] PUBLISH "live" "2333" "" - 5414365 529 "" "FMLE/3.0 (compatible; FMSc/1.0)" (52s)
192.168.1.130 - - [16/Feb/2019:22:54:34 -0500] "GET / HTTP/1.1" 304 0 "-" "Mozilla/5.0 (Macintosh; Intel Mac OS X 10_14_3) AppleWebKit/605.1.15 (KHTML, like Gecko) Version/12.0.3 Safari/605.1.15"
166.170.29.122 - - [16/Feb/2019:22:54:52 -0500] "GET / HTTP/1.1" 200 940 "-" "Mozilla/5.0 (iPhone; CPU iPhone OS 12_1_4 like Mac OS X) AppleWebKit/605.1.15 (KHTML, like Gecko) Version/12.0 Mobile/15E148 Safari/604.1"
166.170.29.122 - - [16/Feb/2019:22:54:56 -0500] "GET /play.html HTTP/1.1" 200 1453 "http://24.219.213.240:8080/" "Mozilla/5.0 (iPhone; CPU iPhone OS 12_1_4 like Mac OS X) AppleWebKit/605.1.15 (KHTML, like Gecko) Version/12.0 Mobile/15E148 Safari/604.1"
166.170.29.122 - - [16/Feb/2019:22:54:56 -0500] "GET /favicon.ico HTTP/1.1" 404 169 "http://24.219.213.240:8080/play.html" "Mozilla/5.0 (iPhone; CPU iPhone OS 12_1_4 like Mac OS X) AppleWebKit/605.1.15 (KHTML, like Gecko) Version/12.0 Mobile/15E148 Safari/604.1"
24.219.197.222 - - [16/Feb/2019:22:55:23 -0500] "GET / HTTP/1.1" 200 940 "-" "Mozilla/5.0 (Windows NT 10.0; Win64; x64) AppleWebKit/537.36 (KHTML, like Gecko) Chrome/72.0.3626.109 Safari/537.36"
24.219.197.222 - - [16/Feb/2019:22:55:23 -0500] "GET /video-js.css HTTP/1.1" 200 46510 "http://24.219.213.240:8080/" "Mozilla/5.0 (Windows NT 10.0; Win64; x64) AppleWebKit/537.36 (KHTML, like Gecko) Chrome/72.0.3626.109 Safari/537.36"
24.219.199.242 - - [16/Feb/2019:22:55:38 -0500] "GET / HTTP/1.1" 200 940 "-" "Mozilla/5.0 (iPhone; CPU iPhone OS 12_1 like Mac OS X) AppleWebKit/605.1.15 (KHTML, like Gecko) CriOS/72.0.3626.74 Mobile/15E148 Safari/605.1"
24.219.199.242 - - [16/Feb/2019:22:55:39 -0500] "GET /video-js.css HTTP/1.1" 200 46510 "http://24.219.213.240:8080/" "Mozilla/5.0 (iPhone; CPU iPhone OS 12_1 like Mac OS X) AppleWebKit/605.1.15 (KHTML, like Gecko) CriOS/72.0.3626.74 Mobile/15E148 Safari/605.1"
24.219.197.222 - - [16/Feb/2019:22:55:44 -0500] "GET /video.js HTTP/1.1" 200 262144 "http://24.219.213.240:8080/" "Mozilla/5.0 (Windows NT 10.0; Win64; x64) AppleWebKit/537.36 (KHTML, like Gecko) Chrome/72.0.3626.109 Safari/537.36"
24.219.199.242 - - [16/Feb/2019:22:55:52 -0500] "GET /video.js HTTP/1.1" 200 327680 "http://24.219.213.240:8080/" "Mozilla/5.0 (iPhone; CPU iPhone OS 12_1 like Mac OS X) AppleWebKit/605.1.15 (KHTML, like Gecko) CriOS/72.0.3626.74 Mobile/15E148 Safari/605.1"
24.219.197.222 - - [16/Feb/2019:22:55:57 -0500] "GET /video.js HTTP/1.1" 206 1 "http://24.219.213.240:8080/" "Mozilla/5.0 (Windows NT 10.0; Win64; x64) AppleWebKit/537.36 (KHTML, like Gecko) Chrome/72.0.3626.109 Safari/537.36"
24.219.197.222 - - [16/Feb/2019:22:56:15 -0500] "GET /video.js HTTP/1.1" 206 684076 "http://24.219.213.240:8080/" "Mozilla/5.0 (Windows NT 10.0; Win64; x64) AppleWebKit/537.36 (KHTML, like Gecko) Chrome/72.0.3626.109 Safari/537.36"
24.219.197.222 - - [16/Feb/2019:22:56:15 -0500] "GET /favicon.ico HTTP/1.1" 404 571 "http://24.219.213.240:8080/" "Mozilla/5.0 (Windows NT 10.0; Win64; x64) AppleWebKit/537.36 (KHTML, like Gecko) Chrome/72.0.3626.109 Safari/537.36"
24.219.199.242 - - [16/Feb/2019:22:56:19 -0500] "GET /video.js HTTP/1.1" 200 327680 "http://24.219.213.240:8080/" "Mozilla/5.0 (iPhone; CPU iPhone OS 12_1 like Mac OS X) AppleWebKit/605.1.15 (KHTML, like Gecko) CriOS/72.0.3626.74 Mobile/15E148 Safari/605.1"
24.219.197.222 - - [16/Feb/2019:22:56:19 -0500] "GET /play.html HTTP/1.1" 200 1453 "http://24.219.213.240:8080/" "Mozilla/5.0 (Windows NT 10.0; Win64; x64) AppleWebKit/537.36 (KHTML, like Gecko) Chrome/72.0.3626.109 Safari/537.36"
24.219.199.242 - - [16/Feb/2019:22:56:36 -0500] "GET /video.js HTTP/1.1" 200 196608 "http://24.219.213.240:8080/" "Mozilla/5.0 (iPhone; CPU iPhone OS 12_1 like Mac OS X) AppleWebKit/605.1.15 (KHTML, like Gecko) CriOS/72.0.3626.74 Mobile/15E148 Safari/605.1"
24.219.197.222 - - [16/Feb/2019:22:56:54 -0500] "GET /play.html HTTP/1.1" 304 0 "http://24.219.213.240:8080/" "Mozilla/5.0 (Windows NT 10.0; Win64; x64) AppleWebKit/537.36 (KHTML, like Gecko) Chrome/72.0.3626.109 Safari/537.36"
24.219.197.222 [16/Feb/2019:22:58:08 -0500] PLAY "live" "2333" "" - 506 303557 "http://24.219.213.240:8080/play.html" "WIN 32,0,0,142" (1m 12s)
24.219.197.222 - - [16/Feb/2019:23:01:21 -0500] "GET /play.html HTTP/1.1" 304 0 "http://24.219.213.240:8080/" "Mozilla/5.0 (Windows NT 10.0; Win64; x64) AppleWebKit/537.36 (KHTML, like Gecko) Chrome/72.0.3626.109 Safari/537.36"
24.219.197.222 [16/Feb/2019:23:03:43 -0500] PLAY "live" "2333" "" - 578 1314723 "http://24.219.213.240:8080/play.html" "WIN 32,0,0,142" (2m 20s)
24.219.197.222 - - [16/Feb/2019:23:03:56 -0500] "GET /play.html HTTP/1.1" 304 0 "http://24.219.213.240:8080/" "Mozilla/5.0 (Windows NT 10.0; Win64; x64) AppleWebKit/537.36 (KHTML, like Gecko) Chrome/72.0.3626.109 Safari/537.36"
24.219.197.222 [16/Feb/2019:23:04:50 -0500] PLAY "live" "2333" "" - 506 541725 "http://24.219.213.240:8080/play.html" "WIN 32,0,0,142" (51s)
192.168.1.130 [16/Feb/2019:23:04:50 -0500] PUBLISH "live" "2333" "" - 66741104 529 "" "FMLE/3.0 (compatible; FMSc/1.0)" (10m 18s)
24.219.197.222 - - [16/Feb/2019:23:04:55 -0500] "GET /play.html HTTP/1.1" 304 0 "http://24.219.213.240:8080/" "Mozilla/5.0 (Windows NT 10.0; Win64; x64) AppleWebKit/537.36 (KHTML, like Gecko) Chrome/72.0.3626.109 Safari/537.36"
24.219.199.189 - - [16/Feb/2019:23:05:08 -0500] "GET / HTTP/1.1" 200 940 "-" "Mozilla/5.0 (Windows NT 10.0; Win64; x64) AppleWebKit/537.36 (KHTML, like Gecko) Chrome/72.0.3626.109 Safari/537.36"
24.219.199.189 - - [16/Feb/2019:23:05:08 -0500] "GET /video-js.css HTTP/1.1" 200 46510 "http://24.219.213.240:8080/" "Mozilla/5.0 (Windows NT 10.0; Win64; x64) AppleWebKit/537.36 (KHTML, like Gecko) Chrome/72.0.3626.109 Safari/537.36"
24.219.199.189 - - [16/Feb/2019:23:05:10 -0500] "GET /video.js HTTP/1.1" 200 866412 "http://24.219.213.240:8080/" "Mozilla/5.0 (Windows NT 10.0; Win64; x64) AppleWebKit/537.36 (KHTML, like Gecko) Chrome/72.0.3626.109 Safari/537.36"
24.219.199.189 - - [16/Feb/2019:23:05:11 -0500] "GET /favicon.ico HTTP/1.1" 404 571 "http://24.219.213.240:8080/" "Mozilla/5.0 (Windows NT 10.0; Win64; x64) AppleWebKit/537.36 (KHTML, like Gecko) Chrome/72.0.3626.109 Safari/537.36"
24.219.199.189 - - [16/Feb/2019:23:05:14 -0500] "GET /play.html HTTP/1.1" 200 1453 "http://24.219.213.240:8080/" "Mozilla/5.0 (Windows NT 10.0; Win64; x64) AppleWebKit/537.36 (KHTML, like Gecko) Chrome/72.0.3626.109 Safari/537.36"
24.219.199.189 - - [16/Feb/2019:23:05:30 -0500] "GET /play.html HTTP/1.1" 304 0 "http://24.219.213.240:8080/" "Mozilla/5.0 (Windows NT 10.0; Win64; x64) AppleWebKit/537.36 (KHTML, like Gecko) Chrome/72.0.3626.109 Safari/537.36"
24.219.199.189 - - [16/Feb/2019:23:05:31 -0500] "GET /play.html HTTP/1.1" 304 0 "http://24.219.213.240:8080/" "Mozilla/5.0 (Windows NT 10.0; Win64; x64) AppleWebKit/537.36 (KHTML, like Gecko) Chrome/72.0.3626.109 Safari/537.36"
24.219.199.189 - - [16/Feb/2019:23:05:32 -0500] "GET /play.html HTTP/1.1" 304 0 "http://24.219.213.240:8080/" "Mozilla/5.0 (Windows NT 10.0; Win64; x64) AppleWebKit/537.36 (KHTML, like Gecko) Chrome/72.0.3626.109 Safari/537.36"
24.219.199.189 - - [16/Feb/2019:23:05:56 -0500] "GET /play.html HTTP/1.1" 304 0 "http://24.219.213.240:8080/" "Mozilla/5.0 (Windows NT 10.0; Win64; x64) AppleWebKit/537.36 (KHTML, like Gecko) Chrome/72.0.3626.109 Safari/537.36"
24.219.199.189 - - [16/Feb/2019:23:05:57 -0500] "GET /play.html HTTP/1.1" 304 0 "http://24.219.213.240:8080/" "Mozilla/5.0 (Windows NT 10.0; Win64; x64) AppleWebKit/537.36 (KHTML, like Gecko) Chrome/72.0.3626.109 Safari/537.36"
24.219.199.189 - - [16/Feb/2019:23:05:57 -0500] "GET /play.html HTTP/1.1" 304 0 "http://24.219.213.240:8080/" "Mozilla/5.0 (Windows NT 10.0; Win64; x64) AppleWebKit/537.36 (KHTML, like Gecko) Chrome/72.0.3626.109 Safari/537.36"
24.219.199.189 - - [16/Feb/2019:23:06:23 -0500] "GET /play.html HTTP/1.1" 304 0 "http://24.219.213.240:8080/" "Mozilla/5.0 (Windows NT 10.0; Win64; x64) AppleWebKit/537.36 (KHTML, like Gecko) Chrome/72.0.3626.109 Safari/537.36"
24.219.199.189 - - [16/Feb/2019:23:06:37 -0500] "GET /play.html HTTP/1.1" 304 0 "http://24.219.213.240:8080/" "Mozilla/5.0 (Windows NT 10.0; Win64; x64) AppleWebKit/537.36 (KHTML, like Gecko) Chrome/72.0.3626.109 Safari/537.36"
24.219.197.222 - - [16/Feb/2019:23:06:51 -0500] "GET /play.html HTTP/1.1" 304 0 "http://24.219.213.240:8080/" "Mozilla/5.0 (Windows NT 10.0; Win64; x64) AppleWebKit/537.36 (KHTML, like Gecko) Chrome/72.0.3626.109 Safari/537.36"
24.219.197.222 [16/Feb/2019:23:06:51 -0500] PLAY "live" "2333" "" - 544 5255 "http://24.219.213.240:8080/play.html" "WIN 32,0,0,142" (1m 17s)
24.219.199.189 [16/Feb/2019:23:06:52 -0500] PLAY "live" "2333" "" - 544 360850 "http://24.219.213.240:8080/play.html" "WIN 32,0,0,142" (13s)
24.219.199.189 - - [16/Feb/2019:23:07:56 -0500] "GET /play.html HTTP/1.1" 304 0 "http://24.219.213.240:8080/" "Mozilla/5.0 (Windows NT 10.0; Win64; x64) AppleWebKit/537.36 (KHTML, like Gecko) Chrome/72.0.3626.109 Safari/537.36"
24.219.199.189 [16/Feb/2019:23:08:24 -0500] PLAY "live" "2333" "" - 506 336749 "http://24.219.213.240:8080/play.html" "WIN 32,0,0,142" (27s)
24.219.197.222 [16/Feb/2019:23:08:33 -0500] PLAY "live" "2333" "" - 578 543500 "http://24.219.213.240:8080/play.html" "WIN 32,0,0,142" (1m 41s)
24.219.197.222 - - [16/Feb/2019:23:10:01 -0500] "GET /play.html HTTP/1.1" 304 0 "http://24.219.213.240:8080/" "Mozilla/5.0 (Windows NT 10.0; Win64; x64) AppleWebKit/537.36 (KHTML, like Gecko) Chrome/72.0.3626.109 Safari/537.36"
24.219.199.189 - - [16/Feb/2019:23:10:08 -0500] "GET /play.html HTTP/1.1" 304 0 "http://24.219.213.240:8080/" "Mozilla/5.0 (Windows NT 10.0; Win64; x64) AppleWebKit/537.36 (KHTML, like Gecko) Chrome/72.0.3626.109 Safari/537.36"
24.219.199.189 [16/Feb/2019:23:10:33 -0500] PLAY "live" "2333" "" - 506 227377 "http://24.219.213.240:8080/play.html" "WIN 32,0,0,142" (23s)
24.219.199.189 - - [16/Feb/2019:23:10:53 -0500] "GET /play.html HTTP/1.1" 304 0 "http://24.219.213.240:8080/" "Mozilla/5.0 (Windows NT 10.0; Win64; x64) AppleWebKit/537.36 (KHTML, like Gecko) Chrome/72.0.3626.109 Safari/537.36"
24.219.199.189 [16/Feb/2019:23:11:16 -0500] PLAY "live" "2333" "" - 502 401937 "http://24.219.213.240:8080/play.html" "WIN 32,0,0,142" (22s)
24.219.197.222 [16/Feb/2019:23:11:27 -0500] PLAY "live" "2333" "" - 578 362530 "http://24.219.213.240:8080/play.html" "WIN 32,0,0,142" (1m 24s)
24.219.197.222 - - [16/Feb/2019:23:16:58 -0500] "GET / HTTP/1.1" 200 903 "-" "Mozilla/5.0 (Windows NT 10.0; Win64; x64) AppleWebKit/537.36 (KHTML, like Gecko) Chrome/72.0.3626.109 Safari/537.36"
166.170.29.122 - - [16/Feb/2019:23:17:00 -0500] "GET / HTTP/1.1" 200 903 "-" "Mozilla/5.0 (iPhone; CPU iPhone OS 12_1_4 like Mac OS X) AppleWebKit/605.1.15 (KHTML, like Gecko) Version/12.0 Mobile/15E148 Safari/604.1"
166.170.29.122 - - [16/Feb/2019:23:17:03 -0500] "GET /play.html HTTP/1.1" 304 0 "http://24.219.213.240:8080/" "Mozilla/5.0 (iPhone; CPU iPhone OS 12_1_4 like Mac OS X) AppleWebKit/605.1.15 (KHTML, like Gecko) Version/12.0 Mobile/15E148 Safari/604.1"
24.219.197.222 - - [16/Feb/2019:23:17:23 -0500] "GET /play.html HTTP/1.1" 304 0 "http://24.219.213.240:8080/" "Mozilla/5.0 (Windows NT 10.0; Win64; x64) AppleWebKit/537.36 (KHTML, like Gecko) Chrome/72.0.3626.109 Safari/537.36"
24.219.197.222 [16/Feb/2019:23:17:29 -0500] PLAY "live" "2333" "" - 502 249862 "http://24.219.213.240:8080/play.html" "WIN 32,0,0,142" (4s)
24.219.199.189 - - [16/Feb/2019:23:18:34 -0500] "GET /play.html HTTP/1.1" 304 0 "http://24.219.213.240:8080/" "Mozilla/5.0 (Windows NT 10.0; Win64; x64) AppleWebKit/537.36 (KHTML, like Gecko) Chrome/72.0.3626.109 Safari/537.36"
24.219.199.189 [16/Feb/2019:23:18:34 -0500] PLAY "live" "2333" "" - 506 260265 "http://24.219.213.240:8080/play.html" "WIN 32,0,0,142" (12s)
24.219.199.189 - - [16/Feb/2019:23:18:46 -0500] "GET /play.html HTTP/1.1" 304 0 "http://24.219.213.240:8080/" "Mozilla/5.0 (Windows NT 10.0; Win64; x64) AppleWebKit/537.36 (KHTML, like Gecko) Chrome/72.0.3626.109 Safari/537.36"
24.219.199.189 [16/Feb/2019:23:18:46 -0500] PLAY "live" "2333" "" - 506 373078 "http://24.219.213.240:8080/play.html" "WIN 32,0,0,142" (11s)
24.219.199.189 - - [16/Feb/2019:23:18:54 -0500] "GET /play.html HTTP/1.1" 304 0 "http://24.219.213.240:8080/" "Mozilla/5.0 (Windows NT 10.0; Win64; x64) AppleWebKit/537.36 (KHTML, like Gecko) Chrome/72.0.3626.109 Safari/537.36"
24.219.199.189 [16/Feb/2019:23:18:54 -0500] PLAY "live" "2333" "" - 502 194588 "http://24.219.213.240:8080/play.html" "WIN 32,0,0,142" (7s)
24.219.199.189 - - [16/Feb/2019:23:19:12 -0500] "GET /play.html HTTP/1.1" 304 0 "http://24.219.213.240:8080/" "Mozilla/5.0 (Windows NT 10.0; Win64; x64) AppleWebKit/537.36 (KHTML, like Gecko) Chrome/72.0.3626.109 Safari/537.36"
24.219.199.189 [16/Feb/2019:23:19:12 -0500] PLAY "live" "2333" "" - 506 262207 "http://24.219.213.240:8080/play.html" "WIN 32,0,0,142" (16s)
24.219.199.189 - - [16/Feb/2019:23:19:36 -0500] "GET /play.html HTTP/1.1" 304 0 "http://24.219.213.240:8080/" "Mozilla/5.0 (Windows NT 10.0; Win64; x64) AppleWebKit/537.36 (KHTML, like Gecko) Chrome/72.0.3626.109 Safari/537.36"
24.219.199.189 [16/Feb/2019:23:19:36 -0500] PLAY "live" "2333" "" - 506 302789 "http://24.219.213.240:8080/play.html" "WIN 32,0,0,142" (22s)
24.219.199.189 - - [16/Feb/2019:23:20:16 -0500] "GET /play.html HTTP/1.1" 304 0 "http://24.219.213.240:8080/" "Mozilla/5.0 (Windows NT 10.0; Win64; x64) AppleWebKit/537.36 (KHTML, like Gecko) Chrome/72.0.3626.109 Safari/537.36"
24.219.199.189 [16/Feb/2019:23:20:16 -0500] PLAY "live" "2333" "" - 578 453781 "http://24.219.213.240:8080/play.html" "WIN 32,0,0,142" (38s)
24.219.199.189 - - [16/Feb/2019:23:21:08 -0500] "GET /play.html HTTP/1.1" 304 0 "http://24.219.213.240:8080/" "Mozilla/5.0 (Windows NT 10.0; Win64; x64) AppleWebKit/537.36 (KHTML, like Gecko) Chrome/72.0.3626.109 Safari/537.36"
24.219.199.189 [16/Feb/2019:23:21:08 -0500] PLAY "live" "2333" "" - 506 1063588 "http://24.219.213.240:8080/play.html" "WIN 32,0,0,142" (50s)
24.219.199.189 [16/Feb/2019:23:22:21 -0500] PLAY "live" "2333" "" - 506 315764 "http://24.219.213.240:8080/play.html" "WIN 32,0,0,142" (1m 11s)
192.168.1.130 - - [17/Feb/2019:00:02:21 -0500] "GET / HTTP/1.1" 200 905 "-" "Mozilla/5.0 (Macintosh; Intel Mac OS X 10_14_3) AppleWebKit/605.1.15 (KHTML, like Gecko) Version/12.0.3 Safari/605.1.15"
192.168.1.130 - - [17/Feb/2019:00:02:23 -0500] "GET /play.html HTTP/1.1" 200 1248 "http://192.168.1.135:8080/" "Mozilla/5.0 (Macintosh; Intel Mac OS X 10_14_3) AppleWebKit/605.1.15 (KHTML, like Gecko) Version/12.0.3 Safari/605.1.15"
192.168.1.130 - - [17/Feb/2019:00:02:26 -0500] "GET /play.html HTTP/1.1" 200 1248 "http://192.168.1.135:8080/" "Mozilla/5.0 (Macintosh; Intel Mac OS X 10_14_3) AppleWebKit/605.1.15 (KHTML, like Gecko) Version/12.0.3 Safari/605.1.15"
192.168.1.130 - - [17/Feb/2019:00:03:20 -0500] "GET /play.html HTTP/1.1" 200 1247 "http://192.168.1.135:8080/" "Mozilla/5.0 (Macintosh; Intel Mac OS X 10_14_3) AppleWebKit/605.1.15 (KHTML, like Gecko) Version/12.0.3 Safari/605.1.15"
192.168.1.130 [17/Feb/2019:00:04:02 -0500] PLAY "live" "2333" "" - 512 3338566 "http://192.168.1.135:8080/play.html" "MAC 32,0,0,142" (40s)
192.168.1.130 - - [17/Feb/2019:00:04:17 -0500] "GET /play.html HTTP/1.1" 304 0 "http://192.168.1.135:8080/" "Mozilla/5.0 (Macintosh; Intel Mac OS X 10_14_3) AppleWebKit/605.1.15 (KHTML, like Gecko) Version/12.0.3 Safari/605.1.15"
192.168.1.130 - - [17/Feb/2019:00:04:20 -0500] "GET /play.html HTTP/1.1" 200 1247 "http://192.168.1.135:8080/" "Mozilla/5.0 (Macintosh; Intel Mac OS X 10_14_3) AppleWebKit/605.1.15 (KHTML, like Gecko) Version/12.0.3 Safari/605.1.15"
192.168.1.130 [17/Feb/2019:00:04:51 -0500] PUBLISH "live" "2333" "" - 16570148 529 "" "FMLE/3.0 (compatible; FMSc/1.0)" (3m 20s)
192.168.1.130 - - [17/Feb/2019:00:04:54 -0500] "GET /play.html HTTP/1.1" 200 1247 "http://192.168.1.135:8080/" "Mozilla/5.0 (Macintosh; Intel Mac OS X 10_14_3) AppleWebKit/605.1.15 (KHTML, like Gecko) Version/12.0.3 Safari/605.1.15"
192.168.1.130 [17/Feb/2019:00:04:54 -0500] PLAY "live" "2333" "" - 504 2255414 "http://192.168.1.135:8080/play.html" "MAC 32,0,0,142" (32s)
166.170.29.122 - - [17/Feb/2019:00:07:29 -0500] "GET /play.html HTTP/1.1" 200 1247 "http://24.219.213.240:8080/" "Mozilla/5.0 (iPhone; CPU iPhone OS 12_1_4 like Mac OS X) AppleWebKit/605.1.15 (KHTML, like Gecko) Version/12.0 Mobile/15E148 Safari/604.1"
166.170.29.122 - - [17/Feb/2019:00:07:33 -0500] "GET /play.html HTTP/1.1" 200 1247 "-" "Mozilla/5.0 (iPhone; CPU iPhone OS 12_1_4 like Mac OS X) AppleWebKit/605.1.15 (KHTML, like Gecko) Version/12.0 Mobile/15E148 Safari/604.1"
166.170.29.122 - - [17/Feb/2019:00:07:36 -0500] "GET / HTTP/1.1" 200 905 "-" "Mozilla/5.0 (iPhone; CPU iPhone OS 12_1_4 like Mac OS X) AppleWebKit/605.1.15 (KHTML, like Gecko) Version/12.0 Mobile/15E148 Safari/604.1"
123.151.149.222 - - [17/Feb/2019:00:13:21 -0500] "GET http://aq.qq.com/ HTTP/1.1" 200 905 "-" "-"
123.151.149.222 - - [17/Feb/2019:00:13:21 -0500] "\x05\x01\x00" 400 173 "-" "-"
123.151.149.222 - - [17/Feb/2019:00:13:21 -0500] "CONNECT xui.ptlogin2.qq.com:443 HTTP/1.1" 400 173 "-" "-"
123.151.149.222 - - [17/Feb/2019:00:13:23 -0500] "\x04\x01\x1F\x90\x18\xDB\xD5\xF0\x00" 400 173 "-" "-"
